../Core/Src/ssd1306.c:60:5:get_buffer_sum	16	static
../Core/Src/ssd1306.c:72:10:get_buffer_pt	4	static
../Core/Src/ssd1306.c:77:6:SSD1306_ScrollRight	16	static
../Core/Src/ssd1306.c:90:6:SSD1306_ScrollLeft	16	static
../Core/Src/ssd1306.c:103:6:SSD1306_Scrolldiagright	16	static
../Core/Src/ssd1306.c:119:6:SSD1306_Scrolldiagleft	16	static
../Core/Src/ssd1306.c:135:6:SSD1306_Stopscroll	8	static
../Core/Src/ssd1306.c:142:6:SSD1306_InvertDisplay	16	static
../Core/Src/ssd1306.c:151:6:SSD1306_DrawBitmap	32	static
../Core/Src/ssd1306.c:176:9:SSD1306_Init	16	static
../Core/Src/ssd1306.c:242:6:SSD1306_UpdateScreenLines	24	static
../Core/Src/ssd1306.c:255:6:SSD1306_UpdateScreen	16	static
../Core/Src/ssd1306.c:282:6:SSD1306_ToggleInvert	16	static
../Core/Src/ssd1306.c:294:6:SSD1306_Fill	16	static
../Core/Src/ssd1306.c:299:6:SSD1306_DrawPixel	16	static
../Core/Src/ssd1306.c:321:6:SSD1306_GotoXY	16	static
../Core/Src/ssd1306.c:327:6:SSD1306_Putc	32	static
../Core/Src/ssd1306.c:358:6:SSD1306_Puts	24	static
../Core/Src/ssd1306.c:376:6:SSD1306_DrawLine	40	static
../Core/Src/ssd1306.c:460:6:SSD1306_DrawRectangle	32	static
../Core/Src/ssd1306.c:485:6:SSD1306_DrawFilledRectangle	40	static
../Core/Src/ssd1306.c:512:6:SSD1306_DrawTriangle	32	static
../Core/Src/ssd1306.c:520:6:SSD1306_DrawFilledTriangle	64	static
../Core/Src/ssd1306.c:576:6:SSD1306_DrawCircle	40	static
../Core/Src/ssd1306.c:610:6:SSD1306_DrawFilledCircle	48	static
../Core/Src/ssd1306.c:643:6:SSD1306_Clear	8	static
../Core/Src/ssd1306.c:648:6:SSD1306_ON	8	static
../Core/Src/ssd1306.c:653:6:SSD1306_OFF	8	static
../Core/Src/ssd1306.c:669:6:ssd1306_I2C_Init	16	static
../Core/Src/ssd1306.c:681:6:ssd1306_I2C_WriteMulti	1064	static
../Core/Src/ssd1306.c:692:6:ssd1306_I2C_Write	32	static
